1/29 pilates-studio-limone-93aefe28dd exit=0
2/29 one-up-fbce262425 exit=0
3/29 rive-pilates-jr-61e134f2ff exit=0
4/29 studio-ivy-cee38b0589 exit=0
5/29 pilates-iu-84f0e92705 exit=0
6/29 zen-place-pilates-07a7723dda exit=2
7/29 rintosull-ed60f4dd9a exit=2
8/29 lead-1c3790a9aa exit=2
9/29 pilates-synergy-c0df6650c7 exit=0
10/29 pilates-kasane-1d8ee0a09e exit=2
11/29 pilates-mirror-cc219830d3 exit=2
12/29 pilates-natural-rhythm-2808d6843b exit=0
13/29 synergym-e75064236c exit=0
14/29 vital-maison-0c3206d069 exit=0
15/29 refrelagy-df0c2a3cbd exit=0
16/29 rinn-yoga-pilates-studio-235cefb016 exit=0
17/29 n-12f1953553 exit=0
18/29 olive-tree-b65e742252 exit=2
19/29 gunze-sports-tsukashin-afff2cde2a exit=2
20/29 lead-6c726bad7c exit=0
21/29 fav-space-for-conditioning-1bc86890e8 exit=2
22/29 aizac-amagasaki-7617adb2d3 exit=2
23/29 yoga-risa-studio-4ba017be86 exit=2
24/29 zen-yoga-japan-362850faa5 exit=2
25/29 lead-40f27dab32 exit=0
26/29 lava-jr-e027486785 exit=0
27/29 jr-0f2cbfa1a7 exit=0
28/29 vert-pilates-fb66ec2518 exit=0
29/29 halu-8d8dd0686d exit=0
ALL DONE
