1/77 hair-make-youce-b3f25f11df exit=0
2/77 mimi-princess-d57611b582 exit=0
3/77 lead-bf835ef615 exit=0
4/77 jr-0d5985a0a9 exit=0
5/77 seura-eyelash-beauty-5c364ffd54 exit=0
6/77 hair-dressing-shop-salo-03829206ea exit=0
7/77 chillout-0895ebfa9f exit=0
8/77 rond-c20ac46cd3 exit=0
9/77 cut-spa-silk-7b1869fa68 exit=0
10/77 bagus-3ee1ec6d06 exit=2
11/77 lily-hair-12d26704cd exit=0
12/77 hair-salon-roll-c378ab8cfc exit=0
13/77 lead-6cdb062f1c exit=0
14/77 hair-spasalon-mirror-d9330f09df exit=0
15/77 voychica-c72a474746 exit=0
16/77 ashu-852794fa5e exit=0
17/77 loop-hair-f63cc1ae23 exit=0
18/77 refine-jr-7458305e83 exit=0
19/77 blanc-44e397a6f2 exit=0
20/77 morrow-a784c7030a exit=2
21/77 taya-f20c21f7e3 exit=0
22/77 lead-e1befa5263 exit=0
23/77 nice-nail-0246917162 exit=0
24/77 lead-30c281f53b exit=0
25/77 barber-bolt-381bbaa31d exit=0
26/77 ciao-aba21ce579 exit=0
27/77 la-fith-hair-home-jr-660f5712d7 exit=0
28/77 rinda-beauty-salon-2230bce766 exit=0
29/77 salon-de-lkj-cfbe639b7b exit=0
30/77 crescent-hair-362420f486 exit=0
31/77 reset-1d6f0490d6 exit=0
32/77 hair-room-e9ua-1a81318101 exit=0
33/77 le-jardin-8ee53a0873 exit=0
34/77 cut-color-lunlun-add7d20329 exit=0
35/77 hair-space-bloom-hero-2692576a57 exit=0
36/77 a-z-hair-c579cacad5 exit=0
37/77 lee-3894a0c18a exit=0
38/77 lead-225a74e7e2 exit=0
39/77 nim-hair-4fda1621c6 exit=0
40/77 lead-a10ee41734 exit=0
41/77 lead-30bf668fac exit=0
42/77 lead-3844f0d1f7 exit=0
43/77 lead-3b8407554f exit=0
44/77 blanket-56a8a17427 exit=0
45/77 mint-cdbddf5578 exit=0
46/77 esfera-hair-design-f5ed66c2f4 exit=0
47/77 jr-e2b98d2046 exit=0
48/77 lead-21208a38c7 exit=0
49/77 luau-hair-make-f3f2101dad exit=0
50/77 angelica-jr-df1df34b16 exit=0
51/77 cecil-hair-jr-a0fede1d30 exit=2
52/77 mode-k-s-bbde218c9c exit=2
53/77 violetta-hair-space-0f7db36b19 exit=0
54/77 barber-keen-ffb07ccc11 exit=0
55/77 bang-doll-0447715dfa exit=0
56/77 nicenail-e5d76c617a exit=0
57/77 lead-6b0ccb2b2b exit=0
58/77 mirror-1d6b011877 exit=2
59/77 su-r-eb8de6cbe7 exit=2
60/77 hair-space-cappio-69badac92e exit=0
61/77 bois-hair-98a6d70281 exit=0
62/77 lead-da65b84f0f exit=0
63/77 petite-etoile-5fde81a466 exit=0
64/77 hair-lyle-c17b5c07b1 exit=0
65/77 nail-salon-diva-7f966797ba exit=0
66/77 field-loco-873ac8b4ba exit=0
67/77 lead-222ee98f27 exit=0
68/77 defi-895df9d545 exit=0
69/77 g-o-a-t-upper-side-45665ad50d exit=0
70/77 barbershop-101-0619e7353b exit=0
71/77 nemuru-4827801ac6 exit=2
72/77 relight-ebbd92773b exit=2
73/77 4869-sherlock-568965c6c7 exit=0
74/77 sakura-888a85b35f exit=0
75/77 nail-salon-jolie-44ab3ee373 exit=0
76/77 hair-relaxation-make-cosmeti-2f1092c928 exit=2
77/77 sakura-spa-esthetics-2153e12fc9 exit=0
ALL DONE
