{
  "schema_version": 2,
  "lead_id": "lead-aeb99b23e1",
  "page_type": "top",
  "page_url": "http://ishinjuku.com/",
  "browser": "C:\\Program Files (x86)\\Microsoft\\Edge\\Application\\msedge.exe",
  "no_browser_sandbox": false,
  "captured_at": "2026-09-30T07:42:41.708Z",
  "desktop": {
    "success": false,
    "output": "C:\\Users\\suzuy\\web-sales-research\\research\\market-runs\\nishinomiya-eikaiwa-juku-20260930\\evidence\\visual\\lead-aeb99b23e1\\lead-aeb99b23e1-top-desktop.png",
    "error": "Screenshot was not created: C:\\Users\\suzuy\\web-sales-research\\research\\market-runs\\nishinomiya-eikaiwa-juku-20260930\\evidence\\visual\\lead-aeb99b23e1\\lead-aeb99b23e1-top-desktop.png"
  },
  "mobile": {
    "success": false,
    "output": "C:\\Users\\suzuy\\web-sales-research\\research\\market-runs\\nishinomiya-eikaiwa-juku-20260930\\evidence\\visual\\lead-aeb99b23e1\\lead-aeb99b23e1-top-mobile.png",
    "error": "Screenshot was not created: C:\\Users\\suzuy\\web-sales-research\\research\\market-runs\\nishinomiya-eikaiwa-juku-20260930\\evidence\\visual\\lead-aeb99b23e1\\lead-aeb99b23e1-top-mobile.png"
  },
  "visual_status": "unverified",
  "metadata_path": "C:\\Users\\suzuy\\web-sales-research\\research\\market-runs\\nishinomiya-eikaiwa-juku-20260930\\evidence\\visual\\lead-aeb99b23e1\\lead-aeb99b23e1-metadata.json"
}
